..............................................
....rr.eeeeeeeeee.eeeeeeeeee.eeeeeeeeee.......
.rr.r..@@@@@@@@@@.@@@@@@@@@@.@@@@@@@@@@.....r.
..r....eeeeeeeeee.eeeeeeeeee.eeeeeeeeee.......
..............................................
.r.....eeeeeeeeee.eeeeeeeeee.eeeeeeeeee.......
.....r.@@@@@@@@@@.@@@@@@@@@@.@@@@@@@@@@.......
....r..eeeeeeeeee.eeeeeeeeee.eeeeeeeeee....rr.
..............................................
.....r.eeeeeeeeee.eeeeeeeeee.eeeeeeeeee..r.r..
..r..r.@@@@@@@@@@.@@@@@@@@@@.@@@@@@@@@@.......
.......eeeeeeeeee.eeeeeeeeee.eeeeeeeeee.rr..r.
..............................................
.r..rr.eeeeeeeeee.eeeeeeeeee.eeeeeeeeee....r..
.rr..r.@@@@@@@@@@.@@@@@@@@@@.@@@@@@@@@@....rr.
....rr.eeeeeeeeee.eeeeeeeeee.eeeeeeeeee..r.r..
..............................................
....r..eeeeeeeeee.eeeeeeeeee.eeeeeeeeee.r...r.
..r.rr.@@@@@@@@@@.@@@@@@@@@@.@@@@@@@@@@.......
..r.r..eeeeeeeeee.eeeeeeeeee.eeeeeeeeee.......
..............................................
.....r.eeeeeeeeee.eeeeeeeeee.eeeeeeeeee.......
..r....@@@@@@@@@@.@@@@@@@@@@.@@@@@@@@@@.......
.rr....eeeeeeeeee.eeeeeeeeee.eeeeeeeeee.......
..............................................
..r....eeeeeeeeee.eeeeeeeeee.eeeeeeeeee.rr..r.
.rr....@@@@@@@@@@.@@@@@@@@@@.@@@@@@@@@@.r.....
.r..r..eeeeeeeeee.eeeeeeeeee.eeeeeeeeee..r....
..............................................
.......eeeeeeeeee.eeeeeeeeee.eeeeeeeeee.......
.rr.r..@@@@@@@@@@.@@@@@@@@@@.@@@@@@@@@@.....r.
.......eeeeeeeeee.eeeeeeeeee.eeeeeeeeee.....r.
..............................................