..............................................
.rr.rr.eeeeeeeeee.eeeeeeeeee.eeeeeeeeee.rr.r..
.rr.r..@@@@@@@@@@.@@@@@@@@@@.@@@@@@@@@@.rr.rr.
.rr.rr.eeeeeeeeee.eeeeeeeeee.eeeeeeeeee.rr....
..............................................
.rr.rr.eeeeeeeeee.eeeeeeeeee.eeeeeeeeee.r..r..
..r..r.@@@@@@@@@@.@@@@@@@@@@.@@@@@@@@@@.r...r.
..r.rr.eeeeeeeeee.eeeeeeeeee.eeeeeeeeee....rr.
..............................................
.r..rr.eeeeeeeeee.eeeeeeeeee.eeeeeeeeee..r.r..
.rr.rr.@@@@@@@@@@.@@@@@@@@@@.@@@@@@@@@@..r.rr.
.rr.r..eeeeeeeeee.eeeeeeeeee.eeeeeeeeee.rr.rr.
..............................................
.rr.rr.eeeeeeeeee.eeeeeeeeee.eeeeeeeeee.rr.r..
.rr..r.@@@@@@@@@@.@@@@@@@@@@.@@@@@@@@@@.rr.rr.
..r.rr.eeeeeeeeee.eeeeeeeeee.eeeeeeeeee.rr.rr.
..............................................
..r.rr.eeeeeeeeee.eeeeeeeeee.eeeeeeeeee.rr..r.
..r.rr.@@@@@@@@@@.@@@@@@@@@@.@@@@@@@@@@..r.rr.
.rr.rr.eeeeeeeeee.eeeeeeeeee.eeeeeeeeee.r..rr.
..............................................
..r.rr.eeeeeeeeee.eeeeeeeeee.eeeeeeeeee..r.rr.
.rr..r.@@@@@@@@@@.@@@@@@@@@@.@@@@@@@@@@.rr..r.
.rr.rr.eeeeeeeeee.eeeeeeeeee.eeeeeeeeee....rr.
..............................................
..r.rr.eeeeeeeeee.eeeeeeeeee.eeeeeeeeee.rr.rr.
.rr....@@@@@@@@@@.@@@@@@@@@@.@@@@@@@@@@.rr..r.
.rr.rr.eeeeeeeeee.eeeeeeeeee.eeeeeeeeee.rr....
..............................................
.....r.eeeeeeeeee.eeeeeeeeee.eeeeeeeeee.r..rr.
.rr.rr.@@@@@@@@@@.@@@@@@@@@@.@@@@@@@@@@.rr.rr.
.rr.rr.eeeeeeeeee.eeeeeeeeee.eeeeeeeeee.rr.rr.
..............................................